[www.dssolution.vn/vi/index.html]
[backblue.gif]
[fade.gif]
[index.html]
[www.dssolution.vn/vi/index.html]
[www.dssolution.vn/vi/feed/index.html]
[www.dssolution.vn/vi/google-cloud-platform-vi/index.html]
[www.dssolution.vn/vi/dich-vu-atlassian/index.html]
[www.dssolution.vn/vi/tu-van-ho-tro-su-dung-atlassian/index.html]
[www.dssolution.vn/vi/san-pham-atlassian/index.html]
[www.dssolution.vn/vi/comments/feed/index.html]
[www.dssolution.vn/vi/software-development-vi/index.html]
[www.dssolution.vn/vi/phat-trien-tinh-nang-atlassian/index.html]
[www.dssolution.vn/vi/blog-vi/index.html]
[www.dssolution.vn/vi/ve-ds-solution-vietnam/index.html]
[www.dssolution.vn/vi/google-cloud-platform-vi/index.html]
[www.dssolution.vn/vi/thong-bao-lich-nghi-tet-nguyen-dan-2023/index.html]
[www.dssolution.vn/vi/contact-vi/index.html]
[www.dssolution.vn/vi/tuyen-dung/index.html]
[www.dssolution.vn/vi/le-ky-niem-mot-nam-thanh-lap-cong-ty-co-phan-ds-solution-vietnam/index.html]
[www.dssolution.vn/vi/dich-vu-atlassian/index.html]
[www.dssolution.vn/vi/san-pham-atlassian/index.html]
[www.dssolution.vn/vi/tu-van-ho-tro-su-dung-atlassian/index.html]
[www.dssolution.vn/vi/phat-trien-tinh-nang-atlassian/index.html]
[www.dssolution.vn/vi/software-development-vi/index.html]
[www.dssolution.vn/vi/blog-vi/index.html]
[www.dssolution.vn/vi/jira-la-gi-huong-dan-su-dung-cac-tinh-nang-co-ban-cua-jira-software-cho-nguoi-moi-bat-dau/index.html]
[www.dssolution.vn/vi/ve-ds-solution-vietnam/index.html]
[www.dssolution.vn/vi/ds-solution-vietnam-privacy-policy/index.html]
[www.dssolution.vn/vi/bang-gia-phan-mem-jira-service-management/index.html]
[www.dssolution.vn/vi/so-sanh-jira-software-va-asana-cong-cu-quan-ly-du-an-hieu-qua/index.html]
[www.dssolution.vn/vi/huong-dan-cai-dat-confluence-de-khong-tao-ra-cac-space-mac-dinh-cho-tung-ca-nhan/index.html]
[www.dssolution.vn/vi/tuyen-dung/index.html]
[www.dssolution.vn/vi/huong-dan-ve-aws-iot/index.html]
[www.dssolution.vn/vi/ds-solution-vietnam-tro-thanh-doi-tac-chinh-thuc-cua-atlassian-tai-viet-nam/index.html]
[www.dssolution.vn/vi/jira-la-gi-jira-software-jira-service-management-jira-work-management/index.html]
[www.dssolution.vn/vi/contact-vi/index.html]
[www.dssolution.vn/vi/senior-tech-lead-2/index.html]
[www.dssolution.vn/vi/fresher-junior-developer-2/index.html]
[www.dssolution.vn/vi/ky-su-cau-noi-brse/index.html]
[www.dssolution.vn/vi/thong-bao-lich-nghi-tet-nguyen-dan-2023/index.html]
[www.dssolution.vn/vi/tuyen-dung-middle-frontend-developer/index.html]
[www.dssolution.vn/vi/tuyen-dung-web-application-tester/index.html]
[www.dssolution.vn/vi/le-ky-niem-mot-nam-thanh-lap-cong-ty-co-phan-ds-solution-vietnam/index.html]
[www.dssolution.vn/vi/tuyen-dung-golang-gcp-developer/index.html]
[www.dssolution.vn/vi/tuyen-dung-python-django-developer/index.html]
[www.dssolution.vn/vi/thong-bao-lich-nghi-tet-nguyen-dan-2023/feed/index.html]
[www.dssolution.vn/vi/junior-web-application-developer/index.html]
[www.dssolution.vn/vi/bang-gia-phan-mem-jira-service-management/index.html]
[www.dssolution.vn/vi/tao-va-chay-batch-job-tren-gke/index.html]
[www.dssolution.vn/vi/le-ky-niem-mot-nam-thanh-lap-cong-ty-co-phan-ds-solution-vietnam/feed/index.html]
[www.dssolution.vn/vi/category/post-vi/index.html]
[www.dssolution.vn/vi/bang-gia-phan-mem-jira-service-management/feed/index.html]
[www.dssolution.vn/vi/jira-la-gi-huong-dan-su-dung-cac-tinh-nang-co-ban-cua-jira-software-cho-nguoi-moi-bat-dau/index.html]
[www.dssolution.vn/vi/ds-solution-vietnam-privacy-policy/index.html]
[www.dssolution.vn/vi/so-sanh-jira-software-va-asana-cong-cu-quan-ly-du-an-hieu-qua/index.html]
[www.dssolution.vn/vi/jira-la-gi-huong-dan-su-dung-cac-tinh-nang-co-ban-cua-jira-software-cho-nguoi-moi-bat-dau/feed/index.html]
[www.dssolution.vn/vi/build-va-push-image-len-container-registry-voi-cloudbuild/index.html]
[www.dssolution.vn/vi/tao-va-chay-mot-web-app-tren-gke/index.html]
[www.dssolution.vn/vi/so-sanh-jira-software-va-asana-cong-cu-quan-ly-du-an-hieu-qua/feed/index.html]
[www.dssolution.vn/vi/huong-dan-cai-dat-confluence-de-khong-tao-ra-cac-space-mac-dinh-cho-tung-ca-nhan/index.html]
[www.dssolution.vn/vi/jira-la-gi-jira-software-jira-service-management-jira-work-management/index.html]
[www.dssolution.vn/vi/ds-solution-vietnam-tro-thanh-doi-tac-chinh-thuc-cua-atlassian-tai-viet-nam/index.html]
[www.dssolution.vn/vi/huong-dan-ve-aws-iot/index.html]
[www.dssolution.vn/vi/jira-la-gi-jira-software-jira-service-management-jira-work-management/feed/index.html]
[www.dssolution.vn/vi/ds-solution-vietnam-tro-thanh-doi-tac-chinh-thuc-cua-atlassian-tai-viet-nam/feed/index.html]
[www.dssolution.vn/vi/atlassian-vi/index.html]
[www.dssolution.vn/vi/senior-tech-lead-2/index.html]
[www.dssolution.vn/vi/huong-dan-ve-aws-iot/feed/index.html]
[www.dssolution.vn/vi/category/uncategorized-vi/index.html]
[www.dssolution.vn/vi/huong-dan-cai-dat-confluence-de-khong-tao-ra-cac-space-mac-dinh-cho-tung-ca-nhan/feed/index.html]
[www.dssolution.vn/vi/fresher-junior-developer-2/index.html]
[www.dssolution.vn/vi/ky-su-cau-noi-brse/index.html]
[www.dssolution.vn/vi/senior-tech-lead-2/feed/index.html]
[www.dssolution.vn/vi/fresher-junior-developer-2/feed/index.html]
[www.dssolution.vn/vi/ky-su-cau-noi-brse/feed/index.html]
[www.dssolution.vn/vi/tuyen-dung-middle-frontend-developer/index.html]
[www.dssolution.vn/vi/tuyen-dung-golang-gcp-developer/index.html]
[www.dssolution.vn/vi/tuyen-dung-python-django-developer/index.html]
[www.dssolution.vn/vi/category/tuyen-dung-vi/index.html]
[www.dssolution.vn/vi/tuyen-dung-web-application-tester/index.html]
[www.dssolution.vn/vi/tuyen-dung-python-django-developer/feed/index.html]
[www.dssolution.vn/vi/tuyen-dung-golang-gcp-developer/feed/index.html]
[www.dssolution.vn/vi/tuyen-dung-web-application-tester/feed/index.html]
[www.dssolution.vn/vi/tuyen-dung-middle-frontend-developer/feed/index.html]
[www.dssolution.vn/vi/junior-web-application-developer/index.html]
[www.dssolution.vn/vi/category/post-vi/index.html]
[www.dssolution.vn/vi/junior-web-application-developer/feed/index.html]
[www.dssolution.vn/vi/category/post-vi/feed/index.html]
[www.dssolution.vn/vi/tao-va-chay-batch-job-tren-gke/index.html]
[www.dssolution.vn/vi/build-va-push-image-len-container-registry-voi-cloudbuild/index.html]
[www.dssolution.vn/vi/build-va-push-image-len-container-registry-voi-cloudbuild/feed/index.html]
[www.dssolution.vn/vi/category/post-vi/page/2/index.html]
[www.dssolution.vn/vi/category/post-vi/page/3/index.html]
[www.dssolution.vn/vi/tao-va-chay-mot-web-app-tren-gke/index.html]
[www.dssolution.vn/vi/category/uncategorized-vi/index.html]
[www.dssolution.vn/vi/tao-va-chay-batch-job-tren-gke/feed/index.html]
[www.dssolution.vn/vi/tao-va-chay-mot-web-app-tren-gke/feed/index.html]
[www.dssolution.vn/vi/sre-vs-devops/index.html]
[www.dssolution.vn/vi/category/uncategorized-vi/feed/index.html]
[www.dssolution.vn/vi/category/tuyen-dung-vi/index.html]
[www.dssolution.vn/vi/category/post-vi/page/2/index.html]
[www.dssolution.vn/vi/category/post-vi/page/3/index.html]
[www.dssolution.vn/vi/sre-vs-devops/index.html]
[www.dssolution.vn/vi/category/tuyen-dung-vi/feed/index.html]
[www.dssolution.vn/vi/sre-vs-devops/feed/index.html]
[www.dssolution.vn/vi/category/tuyen-dung-vi/page/2/index.html]
[www.dssolution.vn/vi/category/tuyen-dung-vi/page/2/index.html]
[www.dssolution.vn/vi/category/post-vi/page/1/index.html]
[www.dssolution.vn/vi/category/tuyen-dung-vi/page/1/index.html]
