[www.dssolution.vn/en/index.html]
[backblue.gif]
[fade.gif]
[index.html]
[www.dssolution.vn/en/index.html]
[www.dssolution.vn/en/feed/index.html]
[www.dssolution.vn/en/gcp-en/index.html]
[www.dssolution.vn/en/atlassian-en/index.html]
[www.dssolution.vn/en/blogs-en/index.html]
[www.dssolution.vn/en/software-development-en/index.html]
[www.dssolution.vn/en/about-dssolution-vietnam/index.html]
[www.dssolution.vn/en/contact-dss-vietnam/index.html]
[www.dssolution.vn/en/notice-of-lunar-new-year-holiday-closure/index.html]
[www.dssolution.vn/en/ds-solution-vietnam-first-year-highlights/index.html]
[www.dssolution.vn/en/kubernetes-eliminates-matrix-from-hell/index.html]
[www.dssolution.vn/en/privacy-policy-en/index.html]
[www.dssolution.vn/en/comments/feed/index.html]
[www.dssolution.vn/en/gcp-en/index.html]
[www.dssolution.vn/en/atlassian-en/index.html]
[www.dssolution.vn/en/software-development-en/index.html]
[www.dssolution.vn/en/blogs-en/index.html]
[www.dssolution.vn/en/clean-food-chain-project/index.html]
[www.dssolution.vn/en/about-dssolution-vietnam/index.html]
[www.dssolution.vn/en/contact-dss-vietnam/index.html]
[www.dssolution.vn/en/notice-of-lunar-new-year-holiday-closure/index.html]
[www.dssolution.vn/en/notice-of-lunar-new-year-holiday-closure/feed/index.html]
[www.dssolution.vn/en/gap-container-migration-best-practices/index.html]
[www.dssolution.vn/en/ds-solution-vietnam-first-year-highlights/index.html]
[www.dssolution.vn/en/ds-solution-vietnam-first-year-highlights/feed/index.html]
[www.dssolution.vn/en/kubernetes-eliminates-matrix-from-hell/index.html]
[www.dssolution.vn/en/category/gcp/index.html]
[www.dssolution.vn/en/privacy-policy-en/index.html]
[www.dssolution.vn/en/kubernetes-eliminates-matrix-from-hell/feed/index.html]
[www.dssolution.vn/en/contact/index.html]
[www.dssolution.vn/en/clean-food-chain-project/index.html]
[www.dssolution.vn/en/gap-container-migration-best-practices/index.html]
[www.dssolution.vn/en/clean-food-chain-project/feed/index.html]
[www.dssolution.vn/en/category/gcp/index.html]
[www.dssolution.vn/en/gap-container-migration-best-practices/feed/index.html]
[www.dssolution.vn/en/category/ansible/index.html]
[www.dssolution.vn/en/category/gcp/feed/index.html]
[www.dssolution.vn/en/category/blockchain/index.html]
[www.dssolution.vn/en/category/blockchain/index.html]
[www.dssolution.vn/en/category/ansible/index.html]
[www.dssolution.vn/en/category/blockchain/feed/index.html]
[www.dssolution.vn/en/category/ansible/feed/index.html]
